{
  "Data": {
    "foos": []
  },
  "Errors": [
    {
      "Message": "The provided value for filter `stringNullable_not_contains` of type FooFilter is invalid. Null values are not supported.",
      "Code": null,
      "Path": [
        "foos"
      ],
      "Locations": [
        {
          "Line": 3,
          "Column": 59
        }
      ],
      "Exception": null,
      "Extensions": {
        "expectedType": "String!",
        "filterKind": 2,
        "operationKind": 4,
        "filterType": "FooFilter"
      }
    }
  ],
  "Extensions": null,
  "ContextData": null
}
