{
  "Data": {
    "foos": []
  },
  "Errors": [
    {
      "Message": "The provided value for filter `array_some` of type ISingleFilterOfStringFilter is invalid. Null values are not supported.",
      "Code": null,
      "Path": [
        "foos"
      ],
      "Locations": [
        {
          "Line": 3,
          "Column": 42
        }
      ],
      "Exception": null,
      "Extensions": {
        "expectedType": "ISingleFilterOfStringFilter!",
        "filterKind": 21,
        "operationKind": 20,
        "filterType": "ISingleFilterOfStringFilter"
      }
    }
  ],
  "Extensions": null,
  "ContextData": null
}
