{
  "Data": {
    "foos": []
  },
  "Errors": [
    {
      "Message": "The provided value for filter `comparableNullable_not_lte` of type FooFilter is invalid. Null values are not supported.",
      "Code": null,
      "Path": [
        "foos"
      ],
      "Locations": [
        {
          "Line": 3,
          "Column": 58
        }
      ],
      "Exception": null,
      "Extensions": {
        "expectedType": "Int!",
        "filterKind": 3,
        "operationKind": 18,
        "filterType": "FooFilter"
      }
    }
  ],
  "Extensions": null,
  "ContextData": null
}
