{
  "Data": {
    "foos": []
  },
  "Errors": [
    {
      "Message": "The provided value for filter `nested` of type FooNestedFilter is invalid. Null values are not supported.",
      "Code": null,
      "Path": [
        "foos"
      ],
      "Locations": [
        {
          "Line": 3,
          "Column": 38
        }
      ],
      "Exception": null,
      "Extensions": {
        "expectedType": "FooNestedFilter!",
        "filterKind": 6,
        "operationKind": 19,
        "filterType": "FooNestedFilter"
      }
    }
  ],
  "Extensions": null,
  "ContextData": null
}
