[
  {
    "Message": "The variable `booleanList` is not compatible with the type of the current location.",
    "Code": null,
    "Path": {
      "Parent": {
        "Parent": null,
        "Name": "arguments",
        "Index": null,
        "Depth": 0
      },
      "Name": "nonNullBooleanListField",
      "Index": null,
      "Depth": 1
    },
    "Locations": [
      {
        "Line": 4,
        "Column": 72
      }
    ],
    "Extensions": {
      "locationType": "[Boolean]!",
      "variable": "booleanList",
      "specifiedBy": "http://spec.graphql.org/June2018/#sec-All-Variable-Usages-are-Allowed",
      "variableType": "[Boolean]"
    },
    "Exception": null
  }
]
