[
  {
    "Message": "The variable `intArg` is not compatible with the type of the current location.",
    "Code": null,
    "Path": {
      "Parent": {
        "Parent": null,
        "Name": "arguments",
        "Index": null,
        "Depth": 0
      },
      "Name": "booleanArgField",
      "Index": null,
      "Depth": 1
    },
    "Locations": [
      {
        "Line": 4,
        "Column": 53
      }
    ],
    "Extensions": {
      "locationType": "Boolean",
      "variable": "intArg",
      "specifiedBy": "http://spec.graphql.org/June2018/#sec-All-Variable-Usages-are-Allowed",
      "variableType": "Int"
    },
    "Exception": null
  }
]
