[
  {
    "Message": "Encountered fields for the same object that cannot be merged.",
    "Code": null,
    "Path": null,
    "Locations": [
      {
        "Line": 4,
        "Column": 25
      },
      {
        "Line": 14,
        "Column": 21
      }
    ],
    "Extensions": {
      "declaringTypeB": "Dog",
      "responseNameA": "doesKnowCommand",
      "fieldA": "doesKnowCommand",
      "specifiedBy": "http://spec.graphql.org/June2018/#sec-Field-Selection-Merging",
      "typeA": "Boolean!",
      "typeB": "Boolean!",
      "declaringTypeA": "Dog",
      "fieldB": "doesKnowCommand",
      "responseNameB": "doesKnowCommand"
    },
    "Exception": null
  }
]
