[
  {
    "Message": "Encountered fields for the same object that cannot be merged.",
    "Code": null,
    "Path": null,
    "Locations": [
      {
        "Line": 10,
        "Column": 25
      },
      {
        "Line": 13,
        "Column": 25
      }
    ],
    "Extensions": {
      "declaringTypeB": "Cat",
      "responseNameA": "someValue",
      "fieldA": "nickname",
      "specifiedBy": "http://spec.graphql.org/June2018/#sec-Field-Selection-Merging",
      "typeA": "String",
      "typeB": "Int",
      "declaringTypeA": "Dog",
      "fieldB": "meowVolume",
      "responseNameB": "someValue"
    },
    "Exception": null
  }
]
