[
  {
    "Message": "The field `nickname` does not exist on the type `Pet`.",
    "Code": null,
    "Path": {
      "Parent": null,
      "Name": "pet",
      "Index": null,
      "Depth": 0
    },
    "Locations": [
      {
        "Line": 3,
        "Column": 21
      }
    ],
    "Extensions": {
      "specifiedBy": "http://spec.graphql.org/June2018/#sec-Field-Selections-on-Objects-Interfaces-and-Unions-Types",
      "type": "Pet",
      "field": "nickname",
      "responseName": "nickname"
    },
    "Exception": null
  }
]
