[
  {
    "Message": "The graph of fragment spreads must not form any cycles including spreading itself. Otherwise an operation could infinitely spread or infinitely execute on cycles in the underlying data.",
    "Code": null,
    "Path": {
      "Parent": {
        "Parent": {
          "Parent": null,
          "Name": "dog",
          "Index": null,
          "Depth": 0
        },
        "Name": "owner",
        "Index": null,
        "Depth": 1
      },
      "Name": "pets",
      "Index": null,
      "Depth": 2
    },
    "Locations": [
      {
        "Line": 18,
        "Column": 25
      }
    ],
    "Extensions": {
      "fragment": "dogFragment",
      "specifiedBy": "http://spec.graphql.org/June2018/#sec-Fragment-spreads-must-not-form-cycles"
    },
    "Exception": null
  }
]
