[
  {
    "Message": "The specified input object field `favoriteCookieFlavor` does not exist.",
    "Code": null,
    "Path": {
      "Parent": null,
      "Name": "findDog",
      "Index": null,
      "Depth": 0
    },
    "Locations": [
      {
        "Line": 3,
        "Column": 49
      }
    ],
    "Extensions": {
      "specifiedBy": "http://spec.graphql.org/June2018/#sec-Input-Object-Field-Names",
      "field": "favoriteCookieFlavor"
    },
    "Exception": null
  }
]
