[
  {
    "Message": "GraphQL allows a short‐hand form for defining query operations when only that one operation exists in the document.",
    "Code": null,
    "Path": null,
    "Locations": [
      {
        "Line": 2,
        "Column": 17
      }
    ],
    "Extensions": {
      "specifiedBy": "http://spec.graphql.org/June2018/#sec-Lone-Anonymous-Operation",
      "operations": 2
    },
    "Exception": null
  }
]
