[
  {
    "Message": "The operation name `dogOperation` is not unique.",
    "Code": null,
    "Path": null,
    "Locations": [
      {
        "Line": 8,
        "Column": 17
      }
    ],
    "Extensions": {
      "specifiedBy": "http://spec.graphql.org/June2018/#sec-Operation-Name-Uniqueness",
      "operation": "dogOperation"
    },
    "Exception": null
  }
]
