[
  {
    "Message": "The specified argument value does not match the argument type.",
    "Code": null,
    "Path": {
      "Parent": {
        "Parent": null,
        "Name": "arguments",
        "Index": null,
        "Depth": 0
      },
      "Name": "intArgField",
      "Index": null,
      "Depth": 1
    },
    "Locations": [
      {
        "Line": 4,
        "Column": 45
      }
    ],
    "Extensions": {
      "argument": "intArg",
      "argumentValue": "\"true\"",
      "locationType": "Int",
      "specifiedBy": "http://spec.graphql.org/June2018/#sec-Values-of-Correct-Type"
    },
    "Exception": null
  }
]
