[
  {
    "Message": "The specified argument value does not match the argument type.",
    "Code": null,
    "Path": {
      "Parent": {
        "Parent": null,
        "Name": "arguments",
        "Index": null,
        "Depth": 0
      },
      "Name": "stringListArgField",
      "Index": null,
      "Depth": 1
    },
    "Locations": [
      {
        "Line": 4,
        "Column": 59
      }
    ],
    "Extensions": {
      "locationType": "[String]",
      "argument": "stringListArg",
      "specifiedBy": "http://spec.graphql.org/June2018/#sec-Values-of-Correct-Type",
      "argumentValue": "[ \"one\", 2 ]"
    },
    "Exception": null
  }
]
