{
  "Data": {
    "foo": {
      "nameFoo": "foo"
    }
  },
  "Errors": null,
  "Extensions": null,
  "ContextData": null
}
