aggregate([{ "$match" : { "BarEnum" : { "$not" : { "$lte" : 1 } } } }])
