aggregate([{ "$match" : { "BarEnum" : { "$lte" : 1 } } }])
