aggregate([{ "$match" : { "$or" : [{ "Bar" : null }, { "Bar" : { "$not" : /c/s } }] } }])
