aggregate([{ "$match" : { "BarEnum" : { "$lt" : 1 } } }])
