aggregate([{ "$match" : { "FooNested" : { "$not" : { "$elemMatch" : { "Bar" : "a" } } } } }])
