aggregate([{ "$match" : { "BarShort" : { "$lte" : 12 } } }])
