aggregate([{ "$match" : { "BarShort" : { "$gte" : 12 } } }])
