{
  "FooField": "123",
  "SharedField": null,
  "SharedFieldDifferentType": null,
  "NestedFieldDifferentType": null,
  "UnionList": null
}
