{
  "BarField": null,
  "SharedField": null,
  "SharedFieldDifferentType": 123,
  "NestedFieldDifferentType": null
}
