{
  "FooField": null,
  "SharedField": "123",
  "SharedFieldDifferentType": null,
  "NestedFieldDifferentType": null,
  "UnionList": null
}
