{
  "Data": {
    "validUri": "https://github.com/ChilliCream/hotchocolate"
  },
  "Errors": null,
  "Extensions": null
}
