{
  "Data": {
    "foos": [
      {
        "fooNested": []
      }
    ]
  },
  "Errors": null,
  "Extensions": null,
  "ContextData": null
}
