SELECT "d"."Id", "d"."Bar"
FROM "Data" AS "d"
WHERE "d"."Bar" IS NOT NULL AND (('a' = '') OR (instr("d"."Bar", 'a') > 0))
