SELECT "d"."Id", "d"."BarShort"
FROM "Data" AS "d"
WHERE "d"."BarShort" NOT IN (13, 14) OR "d"."BarShort" IS NULL
